******************************************************************************
             TMS320C2000 Linker PC v6.2.5                      
******************************************************************************
>> Linked Sat Dec 29 18:06:11 2018

OUTPUT FILE NAME:   <TIMER0.out>
ENTRY POINT SYMBOL: "_c_int00"  address: 00330983


MEMORY CONFIGURATION

         name            origin    length      used     unused   attr    fill
----------------------  --------  ---------  --------  --------  ----  --------
PAGE 0:
  RAML0                 00008000   00001000  00000000  00001000  RWIX
  RAML1                 00009000   00001000  00000000  00001000  RWIX
  RAML2                 0000a000   00001000  00000000  00001000  RWIX
  RAML3                 0000b000   00001000  00000000  00001000  RWIX
  FLASHH                00300000   00008000  00000000  00008000  RWIX
  FLASHG                00308000   00008000  00000000  00008000  RWIX
  FLASHF                00310000   00008000  00000000  00008000  RWIX
  FLASHE                00318000   00008000  00000000  00008000  RWIX
  FLASHD                00320000   00008000  00000000  00008000  RWIX
  FLASHC                00328000   00008000  00000000  00008000  RWIX
  FLASHB                00330000   00008000  00000e8f  00007171  RWIX
  FLASHA                00338000   00007f80  00000000  00007f80  RWIX
  CSM_RSVD              0033ff80   00000076  00000000  00000076  RWIX
  BEGIN                 0033fff6   00000002  00000002  00000000  RWIX
  CSM_PWL               0033fff8   00000008  00000000  00000008  RWIX
  ADC_CAL               00380080   00000009  00000007  00000002  RWIX
  OTP                   00380400   00000400  00000000  00000400  RWIX
  IQTABLES              003fe000   00000b50  00000000  00000b50  RWIX
  IQTABLES2             003feb50   0000008c  00000000  0000008c  RWIX
  FPUTABLES             003febdc   000006a0  00000000  000006a0  RWIX
  ROM                   003ff27c   00000d44  00000000  00000d44  RWIX
  RESET                 003fffc0   00000002  00000000  00000002  RWIX
  VECTORS               003fffc2   0000003e  00000000  0000003e  RWIX

PAGE 1:
  BOOT_RSVD             00000000   00000050  00000000  00000050  RWIX
  RAMM0                 00000050   000003b0  00000000  000003b0  RWIX
  RAMM1                 00000400   00000400  000003e8  00000018  RWIX
  DEV_EMU               00000880   00000180  000000d0  000000b0  RWIX
  FLASH_REGS            00000a80   00000060  00000008  00000058  RWIX
  CSM                   00000ae0   00000010  00000010  00000000  RWIX
  ADC_MIRROR            00000b00   00000010  00000010  00000000  RWIX
  XINTF                 00000b20   00000020  0000001e  00000002  RWIX
  CPU_TIMER0            00000c00   00000008  00000008  00000000  RWIX
  CPU_TIMER1            00000c08   00000008  00000008  00000000  RWIX
  CPU_TIMER2            00000c10   00000008  00000008  00000000  RWIX
  PIE_CTRL              00000ce0   00000020  0000001a  00000006  RWIX
  PIE_VECT              00000d00   00000100  00000100  00000000  RWIX
  DMA                   00001000   00000200  000000e0  00000120  RWIX
  MCBSPA                00005000   00000040  00000025  0000001b  RWIX
  MCBSPB                00005040   00000040  00000025  0000001b  RWIX
  ECANA                 00006000   00000040  00000034  0000000c  RWIX
  ECANA_LAM             00006040   00000040  00000040  00000000  RWIX
  ECANA_MOTS            00006080   00000040  00000040  00000000  RWIX
  ECANA_MOTO            000060c0   00000040  00000040  00000000  RWIX
  ECANA_MBOX            00006100   00000100  00000100  00000000  RWIX
  ECANB                 00006200   00000040  00000034  0000000c  RWIX
  ECANB_LAM             00006240   00000040  00000040  00000000  RWIX
  ECANB_MOTS            00006280   00000040  00000040  00000000  RWIX
  ECANB_MOTO            000062c0   00000040  00000040  00000000  RWIX
  ECANB_MBOX            00006300   00000100  00000100  00000000  RWIX
  EPWM1                 00006800   00000022  00000022  00000000  RWIX
  EPWM2                 00006840   00000022  00000022  00000000  RWIX
  EPWM3                 00006880   00000022  00000022  00000000  RWIX
  EPWM4                 000068c0   00000022  00000022  00000000  RWIX
  EPWM5                 00006900   00000022  00000022  00000000  RWIX
  EPWM6                 00006940   00000022  00000022  00000000  RWIX
  ECAP1                 00006a00   00000020  00000020  00000000  RWIX
  ECAP2                 00006a20   00000020  00000020  00000000  RWIX
  ECAP3                 00006a40   00000020  00000020  00000000  RWIX
  ECAP4                 00006a60   00000020  00000020  00000000  RWIX
  ECAP5                 00006a80   00000020  00000020  00000000  RWIX
  ECAP6                 00006aa0   00000020  00000020  00000000  RWIX
  EQEP1                 00006b00   00000040  00000040  00000000  RWIX
  EQEP2                 00006b40   00000040  00000040  00000000  RWIX
  GPIOCTRL              00006f80   00000040  0000002e  00000012  RWIX
  GPIODAT               00006fc0   00000020  00000020  00000000  RWIX
  GPIOINT               00006fe0   00000020  0000000a  00000016  RWIX
  SYSTEM                00007010   00000020  00000020  00000000  RWIX
  SPIA                  00007040   00000010  00000010  00000000  RWIX
  SCIA                  00007050   00000010  00000010  00000000  RWIX
  XINTRUPT              00007070   00000010  00000010  00000000  RWIX
  ADC                   00007100   00000020  0000001e  00000002  RWIX
  SCIB                  00007750   00000010  00000010  00000000  RWIX
  SCIC                  00007770   00000010  00000010  00000000  RWIX
  I2CA                  00007900   00000040  00000022  0000001e  RWIX
  RAML4                 0000c000   00001000  00000000  00001000  RWIX
  RAML5                 0000d000   00001000  00000562  00000a9e  RWIX
  RAML6                 0000e000   00001000  00000000  00001000  RWIX
  RAML7                 0000f000   00001000  00000000  00001000  RWIX
  CSM_PWL               0033fff8   00000008  00000008  00000000  RWIX


SECTION ALLOCATION MAP

 output                                  attributes/
section   page    origin      length       input sections
--------  ----  ----------  ----------   ----------------
.pinit     0    00330000    00000000     UNINITIALIZED

.text      0    00330000    00000b1b     
                  00330000    00000323     DSP2833x_DefaultIsr.obj (.text:retain)
                  00330323    00000160     SHJK_PID.obj (.text)
                  00330483    0000013b     SHJK_DAC.obj (.text)
                  003305be    00000110     TIMER0.obj (.text)
                  003306ce    000000f7     DSP2833x_SysCtrl.obj (.text)
                  003307c5    000000ba     TIMER0.obj (.text:retain)
                  0033087f    00000088     rts2800_fpu32.lib : fs_div.obj (.text)
                  00330907    0000007c     DSP2833x_CpuTimers.obj (.text)
                  00330983    00000046     rts2800_fpu32.lib : boot.obj (.text)
                  003309c9    00000045     DSP2833x_Sci.obj (.text)
                  00330a0e    00000037     SHJK_UART.obj (.text)
                  00330a45    0000002c     DSP2833x_Spi.obj (.text)
                  00330a71    00000028     DSP2833x_PieCtrl.obj (.text)
                  00330a99    00000020     DSP2833x_PieVect.obj (.text)
                  00330ab9    00000019     rts2800_fpu32.lib : args_main.obj (.text)
                  00330ad2    00000019                       : exit.obj (.text)
                  00330aeb    00000014     DSP2833x_Adc.obj (.text)
                  00330aff    0000000b     rts2800_fpu32.lib : u_div.obj (.text)
                  00330b0a    00000009                       : _lock.obj (.text)
                  00330b13    00000008     DSP2833x_CodeStartBranch.obj (.text)

.econst    0    00330b1c    000002aa     
                  00330b1c    00000190     SHJK_DAC.obj (.econst:_SINEWAVE_DATA)
                  00330cac    00000100     DSP2833x_PieVect.obj (.econst)
                  00330dac    00000016     SHJK_DAC.obj (.econst:_HfilterParaSet)
                  00330dc2    00000004     SHJK_PID.obj (.econst)

.cinit     0    00330dc6    000000c6     
                  00330dc6    0000004f     SHJK_PID.obj (.cinit)
                  00330e15    00000032     SHJK_DAC.obj (.cinit)
                  00330e47    0000002f     TIMER0.obj (.cinit)
                  00330e76    0000000a     rts2800_fpu32.lib : _lock.obj (.cinit)
                  00330e80    0000000a                       : exit.obj (.cinit)
                  00330e8a    00000002     --HOLE-- [fill = 0]

ramfuncs   0    00330e8c    00000004     
                  00330e8c    00000004     DSP2833x_usDelay.obj (ramfuncs)

codestart 
*          0    0033fff6    00000002     
                  0033fff6    00000002     DSP2833x_CodeStartBranch.obj (codestart)

.adc_cal   0    00380080    00000007     NOLOAD SECTION
                  00380080    00000007     DSP2833x_ADC_cal.obj (.adc_cal)

.reset     0    003fffc0    00000002     DSECT
                  003fffc0    00000002     rts2800_fpu32.lib : boot.obj (.reset)

vectors    0    003fffc2    00000000     DSECT

.stack     1    00000400    000003e8     UNINITIALIZED
                  00000400    000003e8     --HOLE--

DevEmuRegsFile 
*          1    00000880    000000d0     UNINITIALIZED
                  00000880    000000d0     DSP2833x_GlobalVariableDefs.obj (DevEmuRegsFile)

FlashRegsFile 
*          1    00000a80    00000008     UNINITIALIZED
                  00000a80    00000008     DSP2833x_GlobalVariableDefs.obj (FlashRegsFile)

CsmRegsFile 
*          1    00000ae0    00000010     UNINITIALIZED
                  00000ae0    00000010     DSP2833x_GlobalVariableDefs.obj (CsmRegsFile)

AdcMirrorFile 
*          1    00000b00    00000010     UNINITIALIZED
                  00000b00    00000010     DSP2833x_GlobalVariableDefs.obj (AdcMirrorFile)

XintfRegsFile 
*          1    00000b20    0000001e     UNINITIALIZED
                  00000b20    0000001e     DSP2833x_GlobalVariableDefs.obj (XintfRegsFile)

CpuTimer0RegsFile 
*          1    00000c00    00000008     UNINITIALIZED
                  00000c00    00000008     DSP2833x_GlobalVariableDefs.obj (CpuTimer0RegsFile)

CpuTimer1RegsFile 
*          1    00000c08    00000008     UNINITIALIZED
                  00000c08    00000008     DSP2833x_GlobalVariableDefs.obj (CpuTimer1RegsFile)

CpuTimer2RegsFile 
*          1    00000c10    00000008     UNINITIALIZED
                  00000c10    00000008     DSP2833x_GlobalVariableDefs.obj (CpuTimer2RegsFile)

PieCtrlRegsFile 
*          1    00000ce0    0000001a     UNINITIALIZED
                  00000ce0    0000001a     DSP2833x_GlobalVariableDefs.obj (PieCtrlRegsFile)

PieVectTableFile 
*          1    00000d00    00000100     UNINITIALIZED
                  00000d00    00000100     DSP2833x_GlobalVariableDefs.obj (PieVectTableFile)

DmaRegsFile 
*          1    00001000    000000e0     UNINITIALIZED
                  00001000    000000e0     DSP2833x_GlobalVariableDefs.obj (DmaRegsFile)

McbspaRegsFile 
*          1    00005000    00000025     UNINITIALIZED
                  00005000    00000025     DSP2833x_GlobalVariableDefs.obj (McbspaRegsFile)

McbspbRegsFile 
*          1    00005040    00000025     UNINITIALIZED
                  00005040    00000025     DSP2833x_GlobalVariableDefs.obj (McbspbRegsFile)

ECanaRegsFile 
*          1    00006000    00000034     UNINITIALIZED
                  00006000    00000034     DSP2833x_GlobalVariableDefs.obj (ECanaRegsFile)

ECanaLAMRegsFile 
*          1    00006040    00000040     UNINITIALIZED
                  00006040    00000040     DSP2833x_GlobalVariableDefs.obj (ECanaLAMRegsFile)

ECanaMOTSRegsFile 
*          1    00006080    00000040     UNINITIALIZED
                  00006080    00000040     DSP2833x_GlobalVariableDefs.obj (ECanaMOTSRegsFile)

ECanaMOTORegsFile 
*          1    000060c0    00000040     UNINITIALIZED
                  000060c0    00000040     DSP2833x_GlobalVariableDefs.obj (ECanaMOTORegsFile)

ECanaMboxesFile 
*          1    00006100    00000100     UNINITIALIZED
                  00006100    00000100     DSP2833x_GlobalVariableDefs.obj (ECanaMboxesFile)

ECanbRegsFile 
*          1    00006200    00000034     UNINITIALIZED
                  00006200    00000034     DSP2833x_GlobalVariableDefs.obj (ECanbRegsFile)

ECanbLAMRegsFile 
*          1    00006240    00000040     UNINITIALIZED
                  00006240    00000040     DSP2833x_GlobalVariableDefs.obj (ECanbLAMRegsFile)

ECanbMOTSRegsFile 
*          1    00006280    00000040     UNINITIALIZED
                  00006280    00000040     DSP2833x_GlobalVariableDefs.obj (ECanbMOTSRegsFile)

ECanbMOTORegsFile 
*          1    000062c0    00000040     UNINITIALIZED
                  000062c0    00000040     DSP2833x_GlobalVariableDefs.obj (ECanbMOTORegsFile)

ECanbMboxesFile 
*          1    00006300    00000100     UNINITIALIZED
                  00006300    00000100     DSP2833x_GlobalVariableDefs.obj (ECanbMboxesFile)

EPwm1RegsFile 
*          1    00006800    00000022     UNINITIALIZED
                  00006800    00000022     DSP2833x_GlobalVariableDefs.obj (EPwm1RegsFile)

EPwm2RegsFile 
*          1    00006840    00000022     UNINITIALIZED
                  00006840    00000022     DSP2833x_GlobalVariableDefs.obj (EPwm2RegsFile)

EPwm3RegsFile 
*          1    00006880    00000022     UNINITIALIZED
                  00006880    00000022     DSP2833x_GlobalVariableDefs.obj (EPwm3RegsFile)

EPwm4RegsFile 
*          1    000068c0    00000022     UNINITIALIZED
                  000068c0    00000022     DSP2833x_GlobalVariableDefs.obj (EPwm4RegsFile)

EPwm5RegsFile 
*          1    00006900    00000022     UNINITIALIZED
                  00006900    00000022     DSP2833x_GlobalVariableDefs.obj (EPwm5RegsFile)

EPwm6RegsFile 
*          1    00006940    00000022     UNINITIALIZED
                  00006940    00000022     DSP2833x_GlobalVariableDefs.obj (EPwm6RegsFile)

ECap1RegsFile 
*          1    00006a00    00000020     UNINITIALIZED
                  00006a00    00000020     DSP2833x_GlobalVariableDefs.obj (ECap1RegsFile)

ECap2RegsFile 
*          1    00006a20    00000020     UNINITIALIZED
                  00006a20    00000020     DSP2833x_GlobalVariableDefs.obj (ECap2RegsFile)

ECap3RegsFile 
*          1    00006a40    00000020     UNINITIALIZED
                  00006a40    00000020     DSP2833x_GlobalVariableDefs.obj (ECap3RegsFile)

ECap4RegsFile 
*          1    00006a60    00000020     UNINITIALIZED
                  00006a60    00000020     DSP2833x_GlobalVariableDefs.obj (ECap4RegsFile)

ECap5RegsFile 
*          1    00006a80    00000020     UNINITIALIZED
                  00006a80    00000020     DSP2833x_GlobalVariableDefs.obj (ECap5RegsFile)

ECap6RegsFile 
*          1    00006aa0    00000020     UNINITIALIZED
                  00006aa0    00000020     DSP2833x_GlobalVariableDefs.obj (ECap6RegsFile)

EQep1RegsFile 
*          1    00006b00    00000040     UNINITIALIZED
                  00006b00    00000040     DSP2833x_GlobalVariableDefs.obj (EQep1RegsFile)

EQep2RegsFile 
*          1    00006b40    00000040     UNINITIALIZED
                  00006b40    00000040     DSP2833x_GlobalVariableDefs.obj (EQep2RegsFile)

GpioCtrlRegsFile 
*          1    00006f80    0000002e     UNINITIALIZED
                  00006f80    0000002e     DSP2833x_GlobalVariableDefs.obj (GpioCtrlRegsFile)

GpioDataRegsFile 
*          1    00006fc0    00000020     UNINITIALIZED
                  00006fc0    00000020     DSP2833x_GlobalVariableDefs.obj (GpioDataRegsFile)

GpioIntRegsFile 
*          1    00006fe0    0000000a     UNINITIALIZED
                  00006fe0    0000000a     DSP2833x_GlobalVariableDefs.obj (GpioIntRegsFile)

SysCtrlRegsFile 
*          1    00007010    00000020     UNINITIALIZED
                  00007010    00000020     DSP2833x_GlobalVariableDefs.obj (SysCtrlRegsFile)

SpiaRegsFile 
*          1    00007040    00000010     UNINITIALIZED
                  00007040    00000010     DSP2833x_GlobalVariableDefs.obj (SpiaRegsFile)

SciaRegsFile 
*          1    00007050    00000010     UNINITIALIZED
                  00007050    00000010     DSP2833x_GlobalVariableDefs.obj (SciaRegsFile)

XIntruptRegsFile 
*          1    00007070    00000010     UNINITIALIZED
                  00007070    00000010     DSP2833x_GlobalVariableDefs.obj (XIntruptRegsFile)

AdcRegsFile 
*          1    00007100    0000001e     UNINITIALIZED
                  00007100    0000001e     DSP2833x_GlobalVariableDefs.obj (AdcRegsFile)

ScibRegsFile 
*          1    00007750    00000010     UNINITIALIZED
                  00007750    00000010     DSP2833x_GlobalVariableDefs.obj (ScibRegsFile)

ScicRegsFile 
*          1    00007770    00000010     UNINITIALIZED
                  00007770    00000010     DSP2833x_GlobalVariableDefs.obj (ScicRegsFile)

I2caRegsFile 
*          1    00007900    00000022     UNINITIALIZED
                  00007900    00000022     DSP2833x_GlobalVariableDefs.obj (I2caRegsFile)

.ebss      1    0000d000    00000562     UNINITIALIZED
                  0000d000    000002d0     SHJK_DAC.obj (.ebss)
                  0000d2d0    00000018     DSP2833x_CpuTimers.obj (.ebss)
                  0000d2e8    00000004     rts2800_fpu32.lib : _lock.obj (.ebss)
                  0000d2ec    00000004                       : exit.obj (.ebss)
                  0000d2f0    00000010     --HOLE--
                  0000d300    000001d0     TIMER0.obj (.ebss)
                  0000d4d0    00000030     --HOLE--
                  0000d500    00000062     SHJK_PID.obj (.ebss)

CsmPwlFile 
*          1    0033fff8    00000008     UNINITIALIZED
                  0033fff8    00000008     DSP2833x_GlobalVariableDefs.obj (CsmPwlFile)


GLOBAL DATA SYMBOLS: SORTED BY DATA PAGE

address     data page           name
--------    ----------------    ----
00000400      10 (00000400)     __stack

00000880      22 (00000880)     _DevEmuRegs

00000a80      2a (00000a80)     _FlashRegs

00000ae0      2b (00000ac0)     _CsmRegs

00000b00      2c (00000b00)     _AdcMirror
00000b20      2c (00000b00)     _XintfRegs

00000c00      30 (00000c00)     _CpuTimer0Regs
00000c08      30 (00000c00)     _CpuTimer1Regs
00000c10      30 (00000c00)     _CpuTimer2Regs

00000ce0      33 (00000cc0)     _PieCtrlRegs

00000d00      34 (00000d00)     _PieVectTable

00001000      40 (00001000)     _DmaRegs

00005000     140 (00005000)     _McbspaRegs

00005040     141 (00005040)     _McbspbRegs

00006000     180 (00006000)     _ECanaRegs

00006040     181 (00006040)     _ECanaLAMRegs

00006080     182 (00006080)     _ECanaMOTSRegs

000060c0     183 (000060c0)     _ECanaMOTORegs

00006100     184 (00006100)     _ECanaMboxes

00006200     188 (00006200)     _ECanbRegs

00006240     189 (00006240)     _ECanbLAMRegs

00006280     18a (00006280)     _ECanbMOTSRegs

000062c0     18b (000062c0)     _ECanbMOTORegs

00006300     18c (00006300)     _ECanbMboxes

00006800     1a0 (00006800)     _EPwm1Regs

00006840     1a1 (00006840)     _EPwm2Regs

00006880     1a2 (00006880)     _EPwm3Regs

000068c0     1a3 (000068c0)     _EPwm4Regs

00006900     1a4 (00006900)     _EPwm5Regs

00006940     1a5 (00006940)     _EPwm6Regs

00006a00     1a8 (00006a00)     _ECap1Regs
00006a20     1a8 (00006a00)     _ECap2Regs

00006a40     1a9 (00006a40)     _ECap3Regs
00006a60     1a9 (00006a40)     _ECap4Regs

00006a80     1aa (00006a80)     _ECap5Regs
00006aa0     1aa (00006a80)     _ECap6Regs

00006b00     1ac (00006b00)     _EQep1Regs

00006b40     1ad (00006b40)     _EQep2Regs

00006f80     1be (00006f80)     _GpioCtrlRegs

00006fc0     1bf (00006fc0)     _GpioDataRegs
00006fe0     1bf (00006fc0)     _GpioIntRegs

00007010     1c0 (00007000)     _SysCtrlRegs

00007040     1c1 (00007040)     _SpiaRegs
00007050     1c1 (00007040)     _SciaRegs
00007070     1c1 (00007040)     _XIntruptRegs

00007100     1c4 (00007100)     _AdcRegs

00007750     1dd (00007740)     _ScibRegs
00007770     1dd (00007740)     _ScicRegs

00007900     1e4 (00007900)     _I2caRegs

0000d000     340 (0000d000)     _PCdata
0000d002     340 (0000d000)     _ADCdata
0000d008     340 (0000d000)     _GADCRMS
0000d00a     340 (0000d000)     _GSINEBASE
0000d00c     340 (0000d000)     _GAMPSINE

0000d040     341 (0000d040)     _AdcRawData

0000d140     345 (0000d140)     _AdcFltData

0000d2d0     34b (0000d2c0)     _CpuTimer1
0000d2d8     34b (0000d2c0)     _CpuTimer2
0000d2e0     34b (0000d2c0)     _CpuTimer0
0000d2e8     34b (0000d2c0)     __unlock
0000d2ea     34b (0000d2c0)     __lock
0000d2ec     34b (0000d2c0)     ___TI_cleanup_ptr
0000d2ee     34b (0000d2c0)     ___TI_dtors_ptr

0000d300     34c (0000d300)     _pidOK
0000d301     34c (0000d300)     _GvoltCom
0000d303     34c (0000d300)     _Gwork
0000d304     34c (0000d300)     _voltNow
0000d305     34c (0000d300)     _TimerCNT
0000d307     34c (0000d300)     _pidi
0000d308     34c (0000d300)     _GADC_BASE
0000d30a     34c (0000d300)     _SsetSineAmp

0000d340     34d (0000d340)     _dacAmpSet

0000d500     354 (0000d500)     _targetFivePoint
0000d50a     354 (0000d500)     _pidStr
0000d518     354 (0000d500)     _g_pValue

0000d540     355 (0000d540)     _g_pAmp

00330b1c    cc2c (00330b00)     _SINEWAVE_DATA

00330cac    cc32 (00330c80)     _PieVectTableInit

00330dac    cc36 (00330d80)     _HfilterParaSet

00330dc2    cc37 (00330dc0)     _TRANS_RMS_TO_ADC_RMS
00330dc4    cc37 (00330dc0)     _DAC_RMS_TO_TRANS_RMS

0033fff8    cfff (0033ffc0)     _CsmPwl


GLOBAL SYMBOLS: SORTED ALPHABETICALLY BY Name 

address    name
--------   ----
00330000   .text
00330ad2   C$$EXIT
0033087f   FS$$DIV
00330aff   U$$DIV
00330b04   U$$MOD
003300e6   _ADCINT_ISR
00380080   _ADC_cal
0000d002   _ADCdata
0000d140   _AdcFltData
00000b00   _AdcMirror
0000d040   _AdcRawData
00007100   _AdcRegs
00330948   _ConfigCpuTimer
0000d2e0   _CpuTimer0
00000c00   _CpuTimer0Regs
0000d2d0   _CpuTimer1
00000c08   _CpuTimer1Regs
0000d2d8   _CpuTimer2
00000c10   _CpuTimer2Regs
0033fff8   _CsmPwl
00000ae0   _CsmRegs
00330794   _CsmUnlock
00330dc4   _DAC_RMS_TO_TRANS_RMS
00330014   _DATALOG_ISR
00330208   _DINTCH1_ISR
00330212   _DINTCH2_ISR
0033021c   _DINTCH3_ISR
00330226   _DINTCH4_ISR
00330230   _DINTCH5_ISR
0033023a   _DINTCH6_ISR
00330e8c   _DSP28x_usDelay
00000880   _DevEmuRegs
003306e1   _DisableDog
00001000   _DmaRegs
00330294   _ECAN0INTA_ISR
003302a8   _ECAN0INTB_ISR
0033029e   _ECAN1INTA_ISR
003302b2   _ECAN1INTB_ISR
0033017c   _ECAP1_INT_ISR
00330186   _ECAP2_INT_ISR
00330190   _ECAP3_INT_ISR
0033019a   _ECAP4_INT_ISR
003301a4   _ECAP5_INT_ISR
003301ae   _ECAP6_INT_ISR
00006040   _ECanaLAMRegs
000060c0   _ECanaMOTORegs
00006080   _ECanaMOTSRegs
00006100   _ECanaMboxes
00006000   _ECanaRegs
00006240   _ECanbLAMRegs
000062c0   _ECanbMOTORegs
00006280   _ECanbMOTSRegs
00006300   _ECanbMboxes
00006200   _ECanbRegs
00006a00   _ECap1Regs
00006a20   _ECap2Regs
00006a40   _ECap3Regs
00006a60   _ECap4Regs
00006a80   _ECap5Regs
00006aa0   _ECap6Regs
00330302   _EMPTY_ISR
00330028   _EMUINT_ISR
00330140   _EPWM1_INT_ISR
00330104   _EPWM1_TZINT_ISR
0033014a   _EPWM2_INT_ISR
0033010e   _EPWM2_TZINT_ISR
00330154   _EPWM3_INT_ISR
00330118   _EPWM3_TZINT_ISR
0033015e   _EPWM4_INT_ISR
00330122   _EPWM4_TZINT_ISR
00330168   _EPWM5_INT_ISR
0033012c   _EPWM5_TZINT_ISR
00330172   _EPWM6_INT_ISR
00330136   _EPWM6_TZINT_ISR
00006800   _EPwm1Regs
00006840   _EPwm2Regs
00006880   _EPwm3Regs
000068c0   _EPwm4Regs
00006900   _EPwm5Regs
00006940   _EPwm6Regs
003301b8   _EQEP1_INT_ISR
003301c2   _EQEP2_INT_ISR
00006b00   _EQep1Regs
00006b40   _EQep2Regs
00330a90   _EnableInterrupts
00000a80   _FlashRegs
0000d008   _GADCRMS
0000d308   _GADC_BASE
0000d00c   _GAMPSINE
0000d00a   _GSINEBASE
00006f80   _GpioCtrlRegs
00006fc0   _GpioDataRegs
00006fe0   _GpioIntRegs
0000d301   _GvoltCom
0000d303   _Gwork
00330323   _HalfJudgeVoltIndex
00330dac   _HfilterParaSet
00330244   _I2CINT1A_ISR
0033024e   _I2CINT2A_ISR
00007900   _I2caRegs
0033003c   _ILLEGAL_ISR
00330000   _INT13_ISR
0033000a   _INT14_ISR
003307c5   _ISRTimer0
00330aeb   _InitAdc
00330907   _InitCpuTimers
00330739   _InitPeripheralClocks
00330a71   _InitPieCtrl
00330a99   _InitPieVectTable
003306e9   _InitPll
003309c9   _InitSci
003309ca   _InitSciGpio
003309cd   _InitSciaGpio
003309e2   _InitScibGpio
003309f8   _InitScicGpio
00330a45   _InitSpi
00330a46   _InitSpiGpio
00330a49   _InitSpiaGpio
003306ce   _InitSysCtrl
003302f8   _LUF_ISR
003302ee   _LVF_ISR
003306a4   _LedInit
003301f4   _MRINTA_ISR
003301e0   _MRINTB_ISR
003301fe   _MXINTA_ISR
003301ea   _MXINTB_ISR
00005000   _McbspaRegs
00005040   _McbspbRegs
00330032   _NMI_ISR
0000d000   _PCdata
0033041b   _PID_Caculate
0033030f   _PIE_RESERVED
00000ce0   _PieCtrlRegs
00000d00   _PieVectTable
00330cac   _PieVectTableInit
0033001e   _RTOSINT_ISR
0033026c   _SCIRXINTA_ISR
00330280   _SCIRXINTB_ISR
00330258   _SCIRXINTC_ISR
00330276   _SCITXINTA_ISR
0033028a   _SCITXINTB_ISR
00330262   _SCITXINTC_ISR
003300be   _SEQ1INT_ISR
003300c8   _SEQ2INT_ISR
00330512   _SHJKComVoltGet
003304f0   _SHJKDacOutput
00330483   _SHJKFIRFilter
0033051d   _SHJKSineGen
003304de   _SHJKSpiDacInit
00330a40   _SHJKUartCFIFOInit
00330a0e   _SHJKUartCInit
00330a21   _SHJKUartCSendChar
00330a2b   _SHJKUartCSendString
00330501   _SHJK_DSP_FPGA_COM
00330b1c   _SINEWAVE_DATA
003301cc   _SPIRXINTA_ISR
003301d6   _SPITXINTA_ISR
00007050   _SciaRegs
00007750   _ScibRegs
00007770   _ScicRegs
003306d7   _ServiceDog
00007040   _SpiaRegs
0000d30a   _SsetSineAmp
00007010   _SysCtrlRegs
003300f0   _TINT0_ISR
00330dc2   _TRANS_RMS_TO_ADC_RMS
00330347   _TargetFivePointCalc
0000d305   _TimerCNT
003300a0   _USER10_ISR
003300aa   _USER11_ISR
003300b4   _USER12_ISR
00330046   _USER1_ISR
00330050   _USER2_ISR
0033005a   _USER3_ISR
00330064   _USER4_ISR
0033006e   _USER5_ISR
00330078   _USER6_ISR
00330082   _USER7_ISR
0033008c   _USER8_ISR
00330096   _USER9_ISR
003300fa   _WAKEINT_ISR
003300d2   _XINT1_ISR
003300dc   _XINT2_ISR
003302bc   _XINT3_ISR
003302c6   _XINT4_ISR
003302d0   _XINT5_ISR
003302da   _XINT6_ISR
003302e4   _XINT7_ISR
00007070   _XIntruptRegs
00000b20   _XintfRegs
000007e8   __STACK_END
000003e8   __STACK_SIZE
00000001   __TI_args_main
0000d2ec   ___TI_cleanup_ptr
0000d2ee   ___TI_dtors_ptr
ffffffff   ___binit__
ffffffff   ___c_args__
00330dc6   ___cinit__
00330b1b   ___etext__
ffffffff   ___pinit__
00330000   ___text__
00330ab9   __args_main
0000d2ea   __lock
00330b12   __nop
00330b0e   __register_lock
00330b0a   __register_unlock
00000400   __stack
0000d2e8   __unlock
00330ad2   _abort
00330983   _c_int00
0000d340   _dacAmpSet
00330ad4   _exit
0000d540   _g_pAmp
0000d518   _g_pValue
003305be   _main
0000d300   _pidOK
0000d50a   _pidStr
0000d307   _pidi
00330319   _rsvd_ISR
0000d500   _targetFivePoint
0000d304   _voltNow
ffffffff   binit
00330dc6   cinit
0033fff6   code_start
00330b1b   etext
ffffffff   pinit


GLOBAL SYMBOLS: SORTED BY Symbol Address 

address    name
--------   ----
00000001   __TI_args_main
000003e8   __STACK_SIZE
00000400   __stack
000007e8   __STACK_END
00000880   _DevEmuRegs
00000a80   _FlashRegs
00000ae0   _CsmRegs
00000b00   _AdcMirror
00000b20   _XintfRegs
00000c00   _CpuTimer0Regs
00000c08   _CpuTimer1Regs
00000c10   _CpuTimer2Regs
00000ce0   _PieCtrlRegs
00000d00   _PieVectTable
00001000   _DmaRegs
00005000   _McbspaRegs
00005040   _McbspbRegs
00006000   _ECanaRegs
00006040   _ECanaLAMRegs
00006080   _ECanaMOTSRegs
000060c0   _ECanaMOTORegs
00006100   _ECanaMboxes
00006200   _ECanbRegs
00006240   _ECanbLAMRegs
00006280   _ECanbMOTSRegs
000062c0   _ECanbMOTORegs
00006300   _ECanbMboxes
00006800   _EPwm1Regs
00006840   _EPwm2Regs
00006880   _EPwm3Regs
000068c0   _EPwm4Regs
00006900   _EPwm5Regs
00006940   _EPwm6Regs
00006a00   _ECap1Regs
00006a20   _ECap2Regs
00006a40   _ECap3Regs
00006a60   _ECap4Regs
00006a80   _ECap5Regs
00006aa0   _ECap6Regs
00006b00   _EQep1Regs
00006b40   _EQep2Regs
00006f80   _GpioCtrlRegs
00006fc0   _GpioDataRegs
00006fe0   _GpioIntRegs
00007010   _SysCtrlRegs
00007040   _SpiaRegs
00007050   _SciaRegs
00007070   _XIntruptRegs
00007100   _AdcRegs
00007750   _ScibRegs
00007770   _ScicRegs
00007900   _I2caRegs
0000d000   _PCdata
0000d002   _ADCdata
0000d008   _GADCRMS
0000d00a   _GSINEBASE
0000d00c   _GAMPSINE
0000d040   _AdcRawData
0000d140   _AdcFltData
0000d2d0   _CpuTimer1
0000d2d8   _CpuTimer2
0000d2e0   _CpuTimer0
0000d2e8   __unlock
0000d2ea   __lock
0000d2ec   ___TI_cleanup_ptr
0000d2ee   ___TI_dtors_ptr
0000d300   _pidOK
0000d301   _GvoltCom
0000d303   _Gwork
0000d304   _voltNow
0000d305   _TimerCNT
0000d307   _pidi
0000d308   _GADC_BASE
0000d30a   _SsetSineAmp
0000d340   _dacAmpSet
0000d500   _targetFivePoint
0000d50a   _pidStr
0000d518   _g_pValue
0000d540   _g_pAmp
00330000   .text
00330000   _INT13_ISR
00330000   ___text__
0033000a   _INT14_ISR
00330014   _DATALOG_ISR
0033001e   _RTOSINT_ISR
00330028   _EMUINT_ISR
00330032   _NMI_ISR
0033003c   _ILLEGAL_ISR
00330046   _USER1_ISR
00330050   _USER2_ISR
0033005a   _USER3_ISR
00330064   _USER4_ISR
0033006e   _USER5_ISR
00330078   _USER6_ISR
00330082   _USER7_ISR
0033008c   _USER8_ISR
00330096   _USER9_ISR
003300a0   _USER10_ISR
003300aa   _USER11_ISR
003300b4   _USER12_ISR
003300be   _SEQ1INT_ISR
003300c8   _SEQ2INT_ISR
003300d2   _XINT1_ISR
003300dc   _XINT2_ISR
003300e6   _ADCINT_ISR
003300f0   _TINT0_ISR
003300fa   _WAKEINT_ISR
00330104   _EPWM1_TZINT_ISR
0033010e   _EPWM2_TZINT_ISR
00330118   _EPWM3_TZINT_ISR
00330122   _EPWM4_TZINT_ISR
0033012c   _EPWM5_TZINT_ISR
00330136   _EPWM6_TZINT_ISR
00330140   _EPWM1_INT_ISR
0033014a   _EPWM2_INT_ISR
00330154   _EPWM3_INT_ISR
0033015e   _EPWM4_INT_ISR
00330168   _EPWM5_INT_ISR
00330172   _EPWM6_INT_ISR
0033017c   _ECAP1_INT_ISR
00330186   _ECAP2_INT_ISR
00330190   _ECAP3_INT_ISR
0033019a   _ECAP4_INT_ISR
003301a4   _ECAP5_INT_ISR
003301ae   _ECAP6_INT_ISR
003301b8   _EQEP1_INT_ISR
003301c2   _EQEP2_INT_ISR
003301cc   _SPIRXINTA_ISR
003301d6   _SPITXINTA_ISR
003301e0   _MRINTB_ISR
003301ea   _MXINTB_ISR
003301f4   _MRINTA_ISR
003301fe   _MXINTA_ISR
00330208   _DINTCH1_ISR
00330212   _DINTCH2_ISR
0033021c   _DINTCH3_ISR
00330226   _DINTCH4_ISR
00330230   _DINTCH5_ISR
0033023a   _DINTCH6_ISR
00330244   _I2CINT1A_ISR
0033024e   _I2CINT2A_ISR
00330258   _SCIRXINTC_ISR
00330262   _SCITXINTC_ISR
0033026c   _SCIRXINTA_ISR
00330276   _SCITXINTA_ISR
00330280   _SCIRXINTB_ISR
0033028a   _SCITXINTB_ISR
00330294   _ECAN0INTA_ISR
0033029e   _ECAN1INTA_ISR
003302a8   _ECAN0INTB_ISR
003302b2   _ECAN1INTB_ISR
003302bc   _XINT3_ISR
003302c6   _XINT4_ISR
003302d0   _XINT5_ISR
003302da   _XINT6_ISR
003302e4   _XINT7_ISR
003302ee   _LVF_ISR
003302f8   _LUF_ISR
00330302   _EMPTY_ISR
0033030f   _PIE_RESERVED
00330319   _rsvd_ISR
00330323   _HalfJudgeVoltIndex
00330347   _TargetFivePointCalc
0033041b   _PID_Caculate
00330483   _SHJKFIRFilter
003304de   _SHJKSpiDacInit
003304f0   _SHJKDacOutput
00330501   _SHJK_DSP_FPGA_COM
00330512   _SHJKComVoltGet
0033051d   _SHJKSineGen
003305be   _main
003306a4   _LedInit
003306ce   _InitSysCtrl
003306d7   _ServiceDog
003306e1   _DisableDog
003306e9   _InitPll
00330739   _InitPeripheralClocks
00330794   _CsmUnlock
003307c5   _ISRTimer0
0033087f   FS$$DIV
00330907   _InitCpuTimers
00330948   _ConfigCpuTimer
00330983   _c_int00
003309c9   _InitSci
003309ca   _InitSciGpio
003309cd   _InitSciaGpio
003309e2   _InitScibGpio
003309f8   _InitScicGpio
00330a0e   _SHJKUartCInit
00330a21   _SHJKUartCSendChar
00330a2b   _SHJKUartCSendString
00330a40   _SHJKUartCFIFOInit
00330a45   _InitSpi
00330a46   _InitSpiGpio
00330a49   _InitSpiaGpio
00330a71   _InitPieCtrl
00330a90   _EnableInterrupts
00330a99   _InitPieVectTable
00330ab9   __args_main
00330ad2   C$$EXIT
00330ad2   _abort
00330ad4   _exit
00330aeb   _InitAdc
00330aff   U$$DIV
00330b04   U$$MOD
00330b0a   __register_unlock
00330b0e   __register_lock
00330b12   __nop
00330b1b   ___etext__
00330b1b   etext
00330b1c   _SINEWAVE_DATA
00330cac   _PieVectTableInit
00330dac   _HfilterParaSet
00330dc2   _TRANS_RMS_TO_ADC_RMS
00330dc4   _DAC_RMS_TO_TRANS_RMS
00330dc6   ___cinit__
00330dc6   cinit
00330e8c   _DSP28x_usDelay
0033fff6   code_start
0033fff8   _CsmPwl
00380080   _ADC_cal
ffffffff   ___binit__
ffffffff   ___c_args__
ffffffff   ___pinit__
ffffffff   binit
ffffffff   pinit

[226 symbols]
